[2026-05-19 15:06:00] local.ERROR: could not find driver (Connection: mysql, SQL: select table_name as `name`, (data_length + index_length) as `size`, table_comment as `comment`, engine as `engine`, table_collation as `collation` from information_schema.tables where table_schema = 'db3_hydro' and table_type in ('BASE TABLE', 'SYSTEM VERSIONED') order by table_name) {"exception":"[object] (Illuminate\\Database\\QueryException(code: 0): could not find driver (Connection: mysql, SQL: select table_name as `name`, (data_length + index_length) as `size`, table_comment as `comment`, engine as `engine`, table_collation as `collation` from information_schema.tables where table_schema = 'db3_hydro' and table_type in ('BASE TABLE', 'SYSTEM VERSIONED') order by table_name) at /home/boemi/Documents/Kuliah/pblsem6/hydrogami-backend/Admin-HydroGami/vendor/laravel/framework/src/Illuminate/Database/Connection.php:829)
[stacktrace]
#0 /home/boemi/Documents/Kuliah/pblsem6/hydrogami-backend/Admin-HydroGami/vendor/laravel/framework/src/Illuminate/Database/Connection.php(783): Illuminate\\Database\\Connection->runQueryCallback()
#1 /home/boemi/Documents/Kuliah/pblsem6/hydrogami-backend/Admin-HydroGami/vendor/laravel/framework/src/Illuminate/Database/Connection.php(414): Illuminate\\Database\\Connection->run()
#2 /home/boemi/Documents/Kuliah/pblsem6/hydrogami-backend/Admin-HydroGami/vendor/laravel/framework/src/Illuminate/Database/Connection.php(401): Illuminate\\Database\\Connection->select()
#3 /home/boemi/Documents/Kuliah/pblsem6/hydrogami-backend/Admin-HydroGami/vendor/laravel/framework/src/Illuminate/Database/Schema/MySqlBuilder.php(41): Illuminate\\Database\\Connection->selectFromWriteConnection()
#4 /home/boemi/Documents/Kuliah/pblsem6/hydrogami-backend/Admin-HydroGami/vendor/laravel/framework/src/Illuminate/Database/Schema/Builder.php(165): Illuminate\\Database\\Schema\\MySqlBuilder->getTables()
#5 /home/boemi/Documents/Kuliah/pblsem6/hydrogami-backend/Admin-HydroGami/vendor/laravel/framework/src/Illuminate/Database/Migrations/DatabaseMigrationRepository.php(184): Illuminate\\Database\\Schema\\Builder->hasTable()
#6 /home/boemi/Documents/Kuliah/pblsem6/hydrogami-backend/Admin-HydroGami/vendor/laravel/framework/src/Illuminate/Database/Migrations/Migrator.php(727): Illuminate\\Database\\Migrations\\DatabaseMigrationRepository->repositoryExists()
#7 /home/boemi/Documents/Kuliah/pblsem6/hydrogami-backend/Admin-HydroGami/vendor/laravel/framework/src/Illuminate/Database/Console/Migrations/MigrateCommand.php(140): Illuminate\\Database\\Migrations\\Migrator->repositoryExists()
#8 /home/boemi/Documents/Kuliah/pblsem6/hydrogami-backend/Admin-HydroGami/vendor/laravel/framework/src/Illuminate/Support/helpers.php(261): Illuminate\\Database\\Console\\Migrations\\MigrateCommand->{closure:Illuminate\\Database\\Console\\Migrations\\MigrateCommand::repositoryExists():140}()
#9 /home/boemi/Documents/Kuliah/pblsem6/hydrogami-backend/Admin-HydroGami/vendor/laravel/framework/src/Illuminate/Database/Console/Migrations/MigrateCommand.php(140): retry()
#10 /home/boemi/Documents/Kuliah/pblsem6/hydrogami-backend/Admin-HydroGami/vendor/laravel/framework/src/Illuminate/Database/Console/Migrations/MigrateCommand.php(116): Illuminate\\Database\\Console\\Migrations\\MigrateCommand->repositoryExists()
#11 /home/boemi/Documents/Kuliah/pblsem6/hydrogami-backend/Admin-HydroGami/vendor/laravel/framework/src/Illuminate/Database/Console/Migrations/MigrateCommand.php(84): Illuminate\\Database\\Console\\Migrations\\MigrateCommand->prepareDatabase()
#12 /home/boemi/Documents/Kuliah/pblsem6/hydrogami-backend/Admin-HydroGami/vendor/laravel/framework/src/Illuminate/Database/Migrations/Migrator.php(641): Illuminate\\Database\\Console\\Migrations\\MigrateCommand->{closure:Illuminate\\Database\\Console\\Migrations\\MigrateCommand::handle():83}()
#13 /home/boemi/Documents/Kuliah/pblsem6/hydrogami-backend/Admin-HydroGami/vendor/laravel/framework/src/Illuminate/Database/Console/Migrations/MigrateCommand.php(83): Illuminate\\Database\\Migrations\\Migrator->usingConnection()
#14 /home/boemi/Documents/Kuliah/pblsem6/hydrogami-backend/Admin-HydroGami/vendor/laravel/framework/src/Illuminate/Container/BoundMethod.php(36): Illuminate\\Database\\Console\\Migrations\\MigrateCommand->handle()
#15 /home/boemi/Documents/Kuliah/pblsem6/hydrogami-backend/Admin-HydroGami/vendor/laravel/framework/src/Illuminate/Container/Util.php(41): Illuminate\\Container\\BoundMethod::{closure:Illuminate\\Container\\BoundMethod::call():35}()
#16 /home/boemi/Documents/Kuliah/pblsem6/hydrogami-backend/Admin-HydroGami/vendor/laravel/framework/src/Illuminate/Container/BoundMethod.php(93): Illuminate\\Container\\Util::unwrapIfClosure()
#17 /home/boemi/Documents/Kuliah/pblsem6/hydrogami-backend/Admin-HydroGami/vendor/laravel/framework/src/Illuminate/Container/BoundMethod.php(35): Illuminate\\Container\\BoundMethod::callBoundMethod()
#18 /home/boemi/Documents/Kuliah/pblsem6/hydrogami-backend/Admin-HydroGami/vendor/laravel/framework/src/Illuminate/Container/Container.php(662): Illuminate\\Container\\BoundMethod::call()
#19 /home/boemi/Documents/Kuliah/pblsem6/hydrogami-backend/Admin-HydroGami/vendor/laravel/framework/src/Illuminate/Console/Command.php(211): Illuminate\\Container\\Container->call()
#20 /home/boemi/Documents/Kuliah/pblsem6/hydrogami-backend/Admin-HydroGami/vendor/symfony/console/Command/Command.php(326): Illuminate\\Console\\Command->execute()
#21 /home/boemi/Documents/Kuliah/pblsem6/hydrogami-backend/Admin-HydroGami/vendor/laravel/framework/src/Illuminate/Console/Command.php(180): Symfony\\Component\\Console\\Command\\Command->run()
#22 /home/boemi/Documents/Kuliah/pblsem6/hydrogami-backend/Admin-HydroGami/vendor/symfony/console/Application.php(1121): Illuminate\\Console\\Command->run()
#23 /home/boemi/Documents/Kuliah/pblsem6/hydrogami-backend/Admin-HydroGami/vendor/symfony/console/Application.php(324): Symfony\\Component\\Console\\Application->doRunCommand()
#24 /home/boemi/Documents/Kuliah/pblsem6/hydrogami-backend/Admin-HydroGami/vendor/symfony/console/Application.php(175): Symfony\\Component\\Console\\Application->doRun()
#25 /home/boemi/Documents/Kuliah/pblsem6/hydrogami-backend/Admin-HydroGami/vendor/laravel/framework/src/Illuminate/Foundation/Console/Kernel.php(201): Symfony\\Component\\Console\\Application->run()
#26 /home/boemi/Documents/Kuliah/pblsem6/hydrogami-backend/Admin-HydroGami/artisan(35): Illuminate\\Foundation\\Console\\Kernel->handle()
#27 {main}

[previous exception] [object] (PDOException(code: 0): could not find driver at /home/boemi/Documents/Kuliah/pblsem6/hydrogami-backend/Admin-HydroGami/vendor/laravel/framework/src/Illuminate/Database/Connectors/Connector.php:65)
[stacktrace]
#0 /home/boemi/Documents/Kuliah/pblsem6/hydrogami-backend/Admin-HydroGami/vendor/laravel/framework/src/Illuminate/Database/Connectors/Connector.php(65): PDO->__construct()
#1 /home/boemi/Documents/Kuliah/pblsem6/hydrogami-backend/Admin-HydroGami/vendor/laravel/framework/src/Illuminate/Database/Connectors/Connector.php(44): Illuminate\\Database\\Connectors\\Connector->createPdoConnection()
#2 /home/boemi/Documents/Kuliah/pblsem6/hydrogami-backend/Admin-HydroGami/vendor/laravel/framework/src/Illuminate/Database/Connectors/MySqlConnector.php(24): Illuminate\\Database\\Connectors\\Connector->createConnection()
#3 /home/boemi/Documents/Kuliah/pblsem6/hydrogami-backend/Admin-HydroGami/vendor/laravel/framework/src/Illuminate/Database/Connectors/ConnectionFactory.php(184): Illuminate\\Database\\Connectors\\MySqlConnector->connect()
#4 [internal function]: Illuminate\\Database\\Connectors\\ConnectionFactory->{closure:Illuminate\\Database\\Connectors\\ConnectionFactory::createPdoResolverWithHosts():179}()
#5 /home/boemi/Documents/Kuliah/pblsem6/hydrogami-backend/Admin-HydroGami/vendor/laravel/framework/src/Illuminate/Database/Connection.php(1339): call_user_func()
#6 /home/boemi/Documents/Kuliah/pblsem6/hydrogami-backend/Admin-HydroGami/vendor/laravel/framework/src/Illuminate/Database/Connection.php(528): Illuminate\\Database\\Connection->getPdo()
#7 /home/boemi/Documents/Kuliah/pblsem6/hydrogami-backend/Admin-HydroGami/vendor/laravel/framework/src/Illuminate/Database/Connection.php(423): Illuminate\\Database\\Connection->getPdoForSelect()
#8 /home/boemi/Documents/Kuliah/pblsem6/hydrogami-backend/Admin-HydroGami/vendor/laravel/framework/src/Illuminate/Database/Connection.php(816): Illuminate\\Database\\Connection->{closure:Illuminate\\Database\\Connection::select():414}()
#9 /home/boemi/Documents/Kuliah/pblsem6/hydrogami-backend/Admin-HydroGami/vendor/laravel/framework/src/Illuminate/Database/Connection.php(783): Illuminate\\Database\\Connection->runQueryCallback()
#10 /home/boemi/Documents/Kuliah/pblsem6/hydrogami-backend/Admin-HydroGami/vendor/laravel/framework/src/Illuminate/Database/Connection.php(414): Illuminate\\Database\\Connection->run()
#11 /home/boemi/Documents/Kuliah/pblsem6/hydrogami-backend/Admin-HydroGami/vendor/laravel/framework/src/Illuminate/Database/Connection.php(401): Illuminate\\Database\\Connection->select()
#12 /home/boemi/Documents/Kuliah/pblsem6/hydrogami-backend/Admin-HydroGami/vendor/laravel/framework/src/Illuminate/Database/Schema/MySqlBuilder.php(41): Illuminate\\Database\\Connection->selectFromWriteConnection()
#13 /home/boemi/Documents/Kuliah/pblsem6/hydrogami-backend/Admin-HydroGami/vendor/laravel/framework/src/Illuminate/Database/Schema/Builder.php(165): Illuminate\\Database\\Schema\\MySqlBuilder->getTables()
#14 /home/boemi/Documents/Kuliah/pblsem6/hydrogami-backend/Admin-HydroGami/vendor/laravel/framework/src/Illuminate/Database/Migrations/DatabaseMigrationRepository.php(184): Illuminate\\Database\\Schema\\Builder->hasTable()
#15 /home/boemi/Documents/Kuliah/pblsem6/hydrogami-backend/Admin-HydroGami/vendor/laravel/framework/src/Illuminate/Database/Migrations/Migrator.php(727): Illuminate\\Database\\Migrations\\DatabaseMigrationRepository->repositoryExists()
#16 /home/boemi/Documents/Kuliah/pblsem6/hydrogami-backend/Admin-HydroGami/vendor/laravel/framework/src/Illuminate/Database/Console/Migrations/MigrateCommand.php(140): Illuminate\\Database\\Migrations\\Migrator->repositoryExists()
#17 /home/boemi/Documents/Kuliah/pblsem6/hydrogami-backend/Admin-HydroGami/vendor/laravel/framework/src/Illuminate/Support/helpers.php(261): Illuminate\\Database\\Console\\Migrations\\MigrateCommand->{closure:Illuminate\\Database\\Console\\Migrations\\MigrateCommand::repositoryExists():140}()
#18 /home/boemi/Documents/Kuliah/pblsem6/hydrogami-backend/Admin-HydroGami/vendor/laravel/framework/src/Illuminate/Database/Console/Migrations/MigrateCommand.php(140): retry()
#19 /home/boemi/Documents/Kuliah/pblsem6/hydrogami-backend/Admin-HydroGami/vendor/laravel/framework/src/Illuminate/Database/Console/Migrations/MigrateCommand.php(116): Illuminate\\Database\\Console\\Migrations\\MigrateCommand->repositoryExists()
#20 /home/boemi/Documents/Kuliah/pblsem6/hydrogami-backend/Admin-HydroGami/vendor/laravel/framework/src/Illuminate/Database/Console/Migrations/MigrateCommand.php(84): Illuminate\\Database\\Console\\Migrations\\MigrateCommand->prepareDatabase()
#21 /home/boemi/Documents/Kuliah/pblsem6/hydrogami-backend/Admin-HydroGami/vendor/laravel/framework/src/Illuminate/Database/Migrations/Migrator.php(641): Illuminate\\Database\\Console\\Migrations\\MigrateCommand->{closure:Illuminate\\Database\\Console\\Migrations\\MigrateCommand::handle():83}()
#22 /home/boemi/Documents/Kuliah/pblsem6/hydrogami-backend/Admin-HydroGami/vendor/laravel/framework/src/Illuminate/Database/Console/Migrations/MigrateCommand.php(83): Illuminate\\Database\\Migrations\\Migrator->usingConnection()
#23 /home/boemi/Documents/Kuliah/pblsem6/hydrogami-backend/Admin-HydroGami/vendor/laravel/framework/src/Illuminate/Container/BoundMethod.php(36): Illuminate\\Database\\Console\\Migrations\\MigrateCommand->handle()
#24 /home/boemi/Documents/Kuliah/pblsem6/hydrogami-backend/Admin-HydroGami/vendor/laravel/framework/src/Illuminate/Container/Util.php(41): Illuminate\\Container\\BoundMethod::{closure:Illuminate\\Container\\BoundMethod::call():35}()
#25 /home/boemi/Documents/Kuliah/pblsem6/hydrogami-backend/Admin-HydroGami/vendor/laravel/framework/src/Illuminate/Container/BoundMethod.php(93): Illuminate\\Container\\Util::unwrapIfClosure()
#26 /home/boemi/Documents/Kuliah/pblsem6/hydrogami-backend/Admin-HydroGami/vendor/laravel/framework/src/Illuminate/Container/BoundMethod.php(35): Illuminate\\Container\\BoundMethod::callBoundMethod()
#27 /home/boemi/Documents/Kuliah/pblsem6/hydrogami-backend/Admin-HydroGami/vendor/laravel/framework/src/Illuminate/Container/Container.php(662): Illuminate\\Container\\BoundMethod::call()
#28 /home/boemi/Documents/Kuliah/pblsem6/hydrogami-backend/Admin-HydroGami/vendor/laravel/framework/src/Illuminate/Console/Command.php(211): Illuminate\\Container\\Container->call()
#29 /home/boemi/Documents/Kuliah/pblsem6/hydrogami-backend/Admin-HydroGami/vendor/symfony/console/Command/Command.php(326): Illuminate\\Console\\Command->execute()
#30 /home/boemi/Documents/Kuliah/pblsem6/hydrogami-backend/Admin-HydroGami/vendor/laravel/framework/src/Illuminate/Console/Command.php(180): Symfony\\Component\\Console\\Command\\Command->run()
#31 /home/boemi/Documents/Kuliah/pblsem6/hydrogami-backend/Admin-HydroGami/vendor/symfony/console/Application.php(1121): Illuminate\\Console\\Command->run()
#32 /home/boemi/Documents/Kuliah/pblsem6/hydrogami-backend/Admin-HydroGami/vendor/symfony/console/Application.php(324): Symfony\\Component\\Console\\Application->doRunCommand()
#33 /home/boemi/Documents/Kuliah/pblsem6/hydrogami-backend/Admin-HydroGami/vendor/symfony/console/Application.php(175): Symfony\\Component\\Console\\Application->doRun()
#34 /home/boemi/Documents/Kuliah/pblsem6/hydrogami-backend/Admin-HydroGami/vendor/laravel/framework/src/Illuminate/Foundation/Console/Kernel.php(201): Symfony\\Component\\Console\\Application->run()
#35 /home/boemi/Documents/Kuliah/pblsem6/hydrogami-backend/Admin-HydroGami/artisan(35): Illuminate\\Foundation\\Console\\Kernel->handle()
#36 {main}
"} 
[2026-05-19 15:07:46] local.ERROR: SQLSTATE[HY000] [2002] Connection refused (Connection: mysql, SQL: select table_name as `name`, (data_length + index_length) as `size`, table_comment as `comment`, engine as `engine`, table_collation as `collation` from information_schema.tables where table_schema = 'db3_hydro' and table_type in ('BASE TABLE', 'SYSTEM VERSIONED') order by table_name) {"exception":"[object] (Illuminate\\Database\\QueryException(code: 2002): SQLSTATE[HY000] [2002] Connection refused (Connection: mysql, SQL: select table_name as `name`, (data_length + index_length) as `size`, table_comment as `comment`, engine as `engine`, table_collation as `collation` from information_schema.tables where table_schema = 'db3_hydro' and table_type in ('BASE TABLE', 'SYSTEM VERSIONED') order by table_name) at /home/boemi/Documents/Kuliah/pblsem6/hydrogami-backend/Admin-HydroGami/vendor/laravel/framework/src/Illuminate/Database/Connection.php:829)
[stacktrace]
#0 /home/boemi/Documents/Kuliah/pblsem6/hydrogami-backend/Admin-HydroGami/vendor/laravel/framework/src/Illuminate/Database/Connection.php(983): Illuminate\\Database\\Connection->runQueryCallback()
#1 /home/boemi/Documents/Kuliah/pblsem6/hydrogami-backend/Admin-HydroGami/vendor/laravel/framework/src/Illuminate/Database/Connection.php(962): Illuminate\\Database\\Connection->tryAgainIfCausedByLostConnection()
#2 /home/boemi/Documents/Kuliah/pblsem6/hydrogami-backend/Admin-HydroGami/vendor/laravel/framework/src/Illuminate/Database/Connection.php(785): Illuminate\\Database\\Connection->handleQueryException()
#3 /home/boemi/Documents/Kuliah/pblsem6/hydrogami-backend/Admin-HydroGami/vendor/laravel/framework/src/Illuminate/Database/Connection.php(414): Illuminate\\Database\\Connection->run()
#4 /home/boemi/Documents/Kuliah/pblsem6/hydrogami-backend/Admin-HydroGami/vendor/laravel/framework/src/Illuminate/Database/Connection.php(401): Illuminate\\Database\\Connection->select()
#5 /home/boemi/Documents/Kuliah/pblsem6/hydrogami-backend/Admin-HydroGami/vendor/laravel/framework/src/Illuminate/Database/Schema/MySqlBuilder.php(41): Illuminate\\Database\\Connection->selectFromWriteConnection()
#6 /home/boemi/Documents/Kuliah/pblsem6/hydrogami-backend/Admin-HydroGami/vendor/laravel/framework/src/Illuminate/Database/Schema/Builder.php(165): Illuminate\\Database\\Schema\\MySqlBuilder->getTables()
#7 /home/boemi/Documents/Kuliah/pblsem6/hydrogami-backend/Admin-HydroGami/vendor/laravel/framework/src/Illuminate/Database/Migrations/DatabaseMigrationRepository.php(184): Illuminate\\Database\\Schema\\Builder->hasTable()
#8 /home/boemi/Documents/Kuliah/pblsem6/hydrogami-backend/Admin-HydroGami/vendor/laravel/framework/src/Illuminate/Database/Migrations/Migrator.php(727): Illuminate\\Database\\Migrations\\DatabaseMigrationRepository->repositoryExists()
#9 /home/boemi/Documents/Kuliah/pblsem6/hydrogami-backend/Admin-HydroGami/vendor/laravel/framework/src/Illuminate/Database/Console/Migrations/MigrateCommand.php(140): Illuminate\\Database\\Migrations\\Migrator->repositoryExists()
#10 /home/boemi/Documents/Kuliah/pblsem6/hydrogami-backend/Admin-HydroGami/vendor/laravel/framework/src/Illuminate/Support/helpers.php(261): Illuminate\\Database\\Console\\Migrations\\MigrateCommand->{closure:Illuminate\\Database\\Console\\Migrations\\MigrateCommand::repositoryExists():140}()
#11 /home/boemi/Documents/Kuliah/pblsem6/hydrogami-backend/Admin-HydroGami/vendor/laravel/framework/src/Illuminate/Database/Console/Migrations/MigrateCommand.php(140): retry()
#12 /home/boemi/Documents/Kuliah/pblsem6/hydrogami-backend/Admin-HydroGami/vendor/laravel/framework/src/Illuminate/Database/Console/Migrations/MigrateCommand.php(116): Illuminate\\Database\\Console\\Migrations\\MigrateCommand->repositoryExists()
#13 /home/boemi/Documents/Kuliah/pblsem6/hydrogami-backend/Admin-HydroGami/vendor/laravel/framework/src/Illuminate/Database/Console/Migrations/MigrateCommand.php(84): Illuminate\\Database\\Console\\Migrations\\MigrateCommand->prepareDatabase()
#14 /home/boemi/Documents/Kuliah/pblsem6/hydrogami-backend/Admin-HydroGami/vendor/laravel/framework/src/Illuminate/Database/Migrations/Migrator.php(641): Illuminate\\Database\\Console\\Migrations\\MigrateCommand->{closure:Illuminate\\Database\\Console\\Migrations\\MigrateCommand::handle():83}()
#15 /home/boemi/Documents/Kuliah/pblsem6/hydrogami-backend/Admin-HydroGami/vendor/laravel/framework/src/Illuminate/Database/Console/Migrations/MigrateCommand.php(83): Illuminate\\Database\\Migrations\\Migrator->usingConnection()
#16 /home/boemi/Documents/Kuliah/pblsem6/hydrogami-backend/Admin-HydroGami/vendor/laravel/framework/src/Illuminate/Container/BoundMethod.php(36): Illuminate\\Database\\Console\\Migrations\\MigrateCommand->handle()
#17 /home/boemi/Documents/Kuliah/pblsem6/hydrogami-backend/Admin-HydroGami/vendor/laravel/framework/src/Illuminate/Container/Util.php(41): Illuminate\\Container\\BoundMethod::{closure:Illuminate\\Container\\BoundMethod::call():35}()
#18 /home/boemi/Documents/Kuliah/pblsem6/hydrogami-backend/Admin-HydroGami/vendor/laravel/framework/src/Illuminate/Container/BoundMethod.php(93): Illuminate\\Container\\Util::unwrapIfClosure()
#19 /home/boemi/Documents/Kuliah/pblsem6/hydrogami-backend/Admin-HydroGami/vendor/laravel/framework/src/Illuminate/Container/BoundMethod.php(35): Illuminate\\Container\\BoundMethod::callBoundMethod()
#20 /home/boemi/Documents/Kuliah/pblsem6/hydrogami-backend/Admin-HydroGami/vendor/laravel/framework/src/Illuminate/Container/Container.php(662): Illuminate\\Container\\BoundMethod::call()
#21 /home/boemi/Documents/Kuliah/pblsem6/hydrogami-backend/Admin-HydroGami/vendor/laravel/framework/src/Illuminate/Console/Command.php(211): Illuminate\\Container\\Container->call()
#22 /home/boemi/Documents/Kuliah/pblsem6/hydrogami-backend/Admin-HydroGami/vendor/symfony/console/Command/Command.php(326): Illuminate\\Console\\Command->execute()
#23 /home/boemi/Documents/Kuliah/pblsem6/hydrogami-backend/Admin-HydroGami/vendor/laravel/framework/src/Illuminate/Console/Command.php(180): Symfony\\Component\\Console\\Command\\Command->run()
#24 /home/boemi/Documents/Kuliah/pblsem6/hydrogami-backend/Admin-HydroGami/vendor/symfony/console/Application.php(1121): Illuminate\\Console\\Command->run()
#25 /home/boemi/Documents/Kuliah/pblsem6/hydrogami-backend/Admin-HydroGami/vendor/symfony/console/Application.php(324): Symfony\\Component\\Console\\Application->doRunCommand()
#26 /home/boemi/Documents/Kuliah/pblsem6/hydrogami-backend/Admin-HydroGami/vendor/symfony/console/Application.php(175): Symfony\\Component\\Console\\Application->doRun()
#27 /home/boemi/Documents/Kuliah/pblsem6/hydrogami-backend/Admin-HydroGami/vendor/laravel/framework/src/Illuminate/Foundation/Console/Kernel.php(201): Symfony\\Component\\Console\\Application->run()
#28 /home/boemi/Documents/Kuliah/pblsem6/hydrogami-backend/Admin-HydroGami/artisan(35): Illuminate\\Foundation\\Console\\Kernel->handle()
#29 {main}

[previous exception] [object] (PDOException(code: 2002): SQLSTATE[HY000] [2002] Connection refused at /home/boemi/Documents/Kuliah/pblsem6/hydrogami-backend/Admin-HydroGami/vendor/laravel/framework/src/Illuminate/Database/Connectors/Connector.php:65)
[stacktrace]
#0 /home/boemi/Documents/Kuliah/pblsem6/hydrogami-backend/Admin-HydroGami/vendor/laravel/framework/src/Illuminate/Database/Connectors/Connector.php(65): PDO->__construct()
#1 /home/boemi/Documents/Kuliah/pblsem6/hydrogami-backend/Admin-HydroGami/vendor/laravel/framework/src/Illuminate/Database/Connectors/Connector.php(83): Illuminate\\Database\\Connectors\\Connector->createPdoConnection()
#2 /home/boemi/Documents/Kuliah/pblsem6/hydrogami-backend/Admin-HydroGami/vendor/laravel/framework/src/Illuminate/Database/Connectors/Connector.php(48): Illuminate\\Database\\Connectors\\Connector->tryAgainIfCausedByLostConnection()
#3 /home/boemi/Documents/Kuliah/pblsem6/hydrogami-backend/Admin-HydroGami/vendor/laravel/framework/src/Illuminate/Database/Connectors/MySqlConnector.php(24): Illuminate\\Database\\Connectors\\Connector->createConnection()
#4 /home/boemi/Documents/Kuliah/pblsem6/hydrogami-backend/Admin-HydroGami/vendor/laravel/framework/src/Illuminate/Database/Connectors/ConnectionFactory.php(184): Illuminate\\Database\\Connectors\\MySqlConnector->connect()
#5 [internal function]: Illuminate\\Database\\Connectors\\ConnectionFactory->{closure:Illuminate\\Database\\Connectors\\ConnectionFactory::createPdoResolverWithHosts():179}()
#6 /home/boemi/Documents/Kuliah/pblsem6/hydrogami-backend/Admin-HydroGami/vendor/laravel/framework/src/Illuminate/Database/Connection.php(1339): call_user_func()
#7 /home/boemi/Documents/Kuliah/pblsem6/hydrogami-backend/Admin-HydroGami/vendor/laravel/framework/src/Illuminate/Database/Connection.php(528): Illuminate\\Database\\Connection->getPdo()
#8 /home/boemi/Documents/Kuliah/pblsem6/hydrogami-backend/Admin-HydroGami/vendor/laravel/framework/src/Illuminate/Database/Connection.php(423): Illuminate\\Database\\Connection->getPdoForSelect()
#9 /home/boemi/Documents/Kuliah/pblsem6/hydrogami-backend/Admin-HydroGami/vendor/laravel/framework/src/Illuminate/Database/Connection.php(816): Illuminate\\Database\\Connection->{closure:Illuminate\\Database\\Connection::select():414}()
#10 /home/boemi/Documents/Kuliah/pblsem6/hydrogami-backend/Admin-HydroGami/vendor/laravel/framework/src/Illuminate/Database/Connection.php(983): Illuminate\\Database\\Connection->runQueryCallback()
#11 /home/boemi/Documents/Kuliah/pblsem6/hydrogami-backend/Admin-HydroGami/vendor/laravel/framework/src/Illuminate/Database/Connection.php(962): Illuminate\\Database\\Connection->tryAgainIfCausedByLostConnection()
#12 /home/boemi/Documents/Kuliah/pblsem6/hydrogami-backend/Admin-HydroGami/vendor/laravel/framework/src/Illuminate/Database/Connection.php(785): Illuminate\\Database\\Connection->handleQueryException()
#13 /home/boemi/Documents/Kuliah/pblsem6/hydrogami-backend/Admin-HydroGami/vendor/laravel/framework/src/Illuminate/Database/Connection.php(414): Illuminate\\Database\\Connection->run()
#14 /home/boemi/Documents/Kuliah/pblsem6/hydrogami-backend/Admin-HydroGami/vendor/laravel/framework/src/Illuminate/Database/Connection.php(401): Illuminate\\Database\\Connection->select()
#15 /home/boemi/Documents/Kuliah/pblsem6/hydrogami-backend/Admin-HydroGami/vendor/laravel/framework/src/Illuminate/Database/Schema/MySqlBuilder.php(41): Illuminate\\Database\\Connection->selectFromWriteConnection()
#16 /home/boemi/Documents/Kuliah/pblsem6/hydrogami-backend/Admin-HydroGami/vendor/laravel/framework/src/Illuminate/Database/Schema/Builder.php(165): Illuminate\\Database\\Schema\\MySqlBuilder->getTables()
#17 /home/boemi/Documents/Kuliah/pblsem6/hydrogami-backend/Admin-HydroGami/vendor/laravel/framework/src/Illuminate/Database/Migrations/DatabaseMigrationRepository.php(184): Illuminate\\Database\\Schema\\Builder->hasTable()
#18 /home/boemi/Documents/Kuliah/pblsem6/hydrogami-backend/Admin-HydroGami/vendor/laravel/framework/src/Illuminate/Database/Migrations/Migrator.php(727): Illuminate\\Database\\Migrations\\DatabaseMigrationRepository->repositoryExists()
#19 /home/boemi/Documents/Kuliah/pblsem6/hydrogami-backend/Admin-HydroGami/vendor/laravel/framework/src/Illuminate/Database/Console/Migrations/MigrateCommand.php(140): Illuminate\\Database\\Migrations\\Migrator->repositoryExists()
#20 /home/boemi/Documents/Kuliah/pblsem6/hydrogami-backend/Admin-HydroGami/vendor/laravel/framework/src/Illuminate/Support/helpers.php(261): Illuminate\\Database\\Console\\Migrations\\MigrateCommand->{closure:Illuminate\\Database\\Console\\Migrations\\MigrateCommand::repositoryExists():140}()
#21 /home/boemi/Documents/Kuliah/pblsem6/hydrogami-backend/Admin-HydroGami/vendor/laravel/framework/src/Illuminate/Database/Console/Migrations/MigrateCommand.php(140): retry()
#22 /home/boemi/Documents/Kuliah/pblsem6/hydrogami-backend/Admin-HydroGami/vendor/laravel/framework/src/Illuminate/Database/Console/Migrations/MigrateCommand.php(116): Illuminate\\Database\\Console\\Migrations\\MigrateCommand->repositoryExists()
#23 /home/boemi/Documents/Kuliah/pblsem6/hydrogami-backend/Admin-HydroGami/vendor/laravel/framework/src/Illuminate/Database/Console/Migrations/MigrateCommand.php(84): Illuminate\\Database\\Console\\Migrations\\MigrateCommand->prepareDatabase()
#24 /home/boemi/Documents/Kuliah/pblsem6/hydrogami-backend/Admin-HydroGami/vendor/laravel/framework/src/Illuminate/Database/Migrations/Migrator.php(641): Illuminate\\Database\\Console\\Migrations\\MigrateCommand->{closure:Illuminate\\Database\\Console\\Migrations\\MigrateCommand::handle():83}()
#25 /home/boemi/Documents/Kuliah/pblsem6/hydrogami-backend/Admin-HydroGami/vendor/laravel/framework/src/Illuminate/Database/Console/Migrations/MigrateCommand.php(83): Illuminate\\Database\\Migrations\\Migrator->usingConnection()
#26 /home/boemi/Documents/Kuliah/pblsem6/hydrogami-backend/Admin-HydroGami/vendor/laravel/framework/src/Illuminate/Container/BoundMethod.php(36): Illuminate\\Database\\Console\\Migrations\\MigrateCommand->handle()
#27 /home/boemi/Documents/Kuliah/pblsem6/hydrogami-backend/Admin-HydroGami/vendor/laravel/framework/src/Illuminate/Container/Util.php(41): Illuminate\\Container\\BoundMethod::{closure:Illuminate\\Container\\BoundMethod::call():35}()
#28 /home/boemi/Documents/Kuliah/pblsem6/hydrogami-backend/Admin-HydroGami/vendor/laravel/framework/src/Illuminate/Container/BoundMethod.php(93): Illuminate\\Container\\Util::unwrapIfClosure()
#29 /home/boemi/Documents/Kuliah/pblsem6/hydrogami-backend/Admin-HydroGami/vendor/laravel/framework/src/Illuminate/Container/BoundMethod.php(35): Illuminate\\Container\\BoundMethod::callBoundMethod()
#30 /home/boemi/Documents/Kuliah/pblsem6/hydrogami-backend/Admin-HydroGami/vendor/laravel/framework/src/Illuminate/Container/Container.php(662): Illuminate\\Container\\BoundMethod::call()
#31 /home/boemi/Documents/Kuliah/pblsem6/hydrogami-backend/Admin-HydroGami/vendor/laravel/framework/src/Illuminate/Console/Command.php(211): Illuminate\\Container\\Container->call()
#32 /home/boemi/Documents/Kuliah/pblsem6/hydrogami-backend/Admin-HydroGami/vendor/symfony/console/Command/Command.php(326): Illuminate\\Console\\Command->execute()
#33 /home/boemi/Documents/Kuliah/pblsem6/hydrogami-backend/Admin-HydroGami/vendor/laravel/framework/src/Illuminate/Console/Command.php(180): Symfony\\Component\\Console\\Command\\Command->run()
#34 /home/boemi/Documents/Kuliah/pblsem6/hydrogami-backend/Admin-HydroGami/vendor/symfony/console/Application.php(1121): Illuminate\\Console\\Command->run()
#35 /home/boemi/Documents/Kuliah/pblsem6/hydrogami-backend/Admin-HydroGami/vendor/symfony/console/Application.php(324): Symfony\\Component\\Console\\Application->doRunCommand()
#36 /home/boemi/Documents/Kuliah/pblsem6/hydrogami-backend/Admin-HydroGami/vendor/symfony/console/Application.php(175): Symfony\\Component\\Console\\Application->doRun()
#37 /home/boemi/Documents/Kuliah/pblsem6/hydrogami-backend/Admin-HydroGami/vendor/laravel/framework/src/Illuminate/Foundation/Console/Kernel.php(201): Symfony\\Component\\Console\\Application->run()
#38 /home/boemi/Documents/Kuliah/pblsem6/hydrogami-backend/Admin-HydroGami/artisan(35): Illuminate\\Foundation\\Console\\Kernel->handle()
#39 {main}
"} 
[2026-05-19 15:15:40] local.ERROR: SQLSTATE[HY000] [2002] Connection refused (Connection: mysql, SQL: select table_name as `name`, (data_length + index_length) as `size`, table_comment as `comment`, engine as `engine`, table_collation as `collation` from information_schema.tables where table_schema = 'db3_hydro' and table_type in ('BASE TABLE', 'SYSTEM VERSIONED') order by table_name) {"exception":"[object] (Illuminate\\Database\\QueryException(code: 2002): SQLSTATE[HY000] [2002] Connection refused (Connection: mysql, SQL: select table_name as `name`, (data_length + index_length) as `size`, table_comment as `comment`, engine as `engine`, table_collation as `collation` from information_schema.tables where table_schema = 'db3_hydro' and table_type in ('BASE TABLE', 'SYSTEM VERSIONED') order by table_name) at /home/boemi/Documents/Kuliah/pblsem6/hydrogami-backend/Admin-HydroGami/vendor/laravel/framework/src/Illuminate/Database/Connection.php:829)
[stacktrace]
#0 /home/boemi/Documents/Kuliah/pblsem6/hydrogami-backend/Admin-HydroGami/vendor/laravel/framework/src/Illuminate/Database/Connection.php(983): Illuminate\\Database\\Connection->runQueryCallback()
#1 /home/boemi/Documents/Kuliah/pblsem6/hydrogami-backend/Admin-HydroGami/vendor/laravel/framework/src/Illuminate/Database/Connection.php(962): Illuminate\\Database\\Connection->tryAgainIfCausedByLostConnection()
#2 /home/boemi/Documents/Kuliah/pblsem6/hydrogami-backend/Admin-HydroGami/vendor/laravel/framework/src/Illuminate/Database/Connection.php(785): Illuminate\\Database\\Connection->handleQueryException()
#3 /home/boemi/Documents/Kuliah/pblsem6/hydrogami-backend/Admin-HydroGami/vendor/laravel/framework/src/Illuminate/Database/Connection.php(414): Illuminate\\Database\\Connection->run()
#4 /home/boemi/Documents/Kuliah/pblsem6/hydrogami-backend/Admin-HydroGami/vendor/laravel/framework/src/Illuminate/Database/Connection.php(401): Illuminate\\Database\\Connection->select()
#5 /home/boemi/Documents/Kuliah/pblsem6/hydrogami-backend/Admin-HydroGami/vendor/laravel/framework/src/Illuminate/Database/Schema/MySqlBuilder.php(41): Illuminate\\Database\\Connection->selectFromWriteConnection()
#6 /home/boemi/Documents/Kuliah/pblsem6/hydrogami-backend/Admin-HydroGami/vendor/laravel/framework/src/Illuminate/Database/Schema/Builder.php(165): Illuminate\\Database\\Schema\\MySqlBuilder->getTables()
#7 /home/boemi/Documents/Kuliah/pblsem6/hydrogami-backend/Admin-HydroGami/vendor/laravel/framework/src/Illuminate/Database/Migrations/DatabaseMigrationRepository.php(184): Illuminate\\Database\\Schema\\Builder->hasTable()
#8 /home/boemi/Documents/Kuliah/pblsem6/hydrogami-backend/Admin-HydroGami/vendor/laravel/framework/src/Illuminate/Database/Migrations/Migrator.php(727): Illuminate\\Database\\Migrations\\DatabaseMigrationRepository->repositoryExists()
#9 /home/boemi/Documents/Kuliah/pblsem6/hydrogami-backend/Admin-HydroGami/vendor/laravel/framework/src/Illuminate/Database/Console/Migrations/MigrateCommand.php(140): Illuminate\\Database\\Migrations\\Migrator->repositoryExists()
#10 /home/boemi/Documents/Kuliah/pblsem6/hydrogami-backend/Admin-HydroGami/vendor/laravel/framework/src/Illuminate/Support/helpers.php(261): Illuminate\\Database\\Console\\Migrations\\MigrateCommand->{closure:Illuminate\\Database\\Console\\Migrations\\MigrateCommand::repositoryExists():140}()
#11 /home/boemi/Documents/Kuliah/pblsem6/hydrogami-backend/Admin-HydroGami/vendor/laravel/framework/src/Illuminate/Database/Console/Migrations/MigrateCommand.php(140): retry()
#12 /home/boemi/Documents/Kuliah/pblsem6/hydrogami-backend/Admin-HydroGami/vendor/laravel/framework/src/Illuminate/Database/Console/Migrations/MigrateCommand.php(116): Illuminate\\Database\\Console\\Migrations\\MigrateCommand->repositoryExists()
#13 /home/boemi/Documents/Kuliah/pblsem6/hydrogami-backend/Admin-HydroGami/vendor/laravel/framework/src/Illuminate/Database/Console/Migrations/MigrateCommand.php(84): Illuminate\\Database\\Console\\Migrations\\MigrateCommand->prepareDatabase()
#14 /home/boemi/Documents/Kuliah/pblsem6/hydrogami-backend/Admin-HydroGami/vendor/laravel/framework/src/Illuminate/Database/Migrations/Migrator.php(641): Illuminate\\Database\\Console\\Migrations\\MigrateCommand->{closure:Illuminate\\Database\\Console\\Migrations\\MigrateCommand::handle():83}()
#15 /home/boemi/Documents/Kuliah/pblsem6/hydrogami-backend/Admin-HydroGami/vendor/laravel/framework/src/Illuminate/Database/Console/Migrations/MigrateCommand.php(83): Illuminate\\Database\\Migrations\\Migrator->usingConnection()
#16 /home/boemi/Documents/Kuliah/pblsem6/hydrogami-backend/Admin-HydroGami/vendor/laravel/framework/src/Illuminate/Container/BoundMethod.php(36): Illuminate\\Database\\Console\\Migrations\\MigrateCommand->handle()
#17 /home/boemi/Documents/Kuliah/pblsem6/hydrogami-backend/Admin-HydroGami/vendor/laravel/framework/src/Illuminate/Container/Util.php(41): Illuminate\\Container\\BoundMethod::{closure:Illuminate\\Container\\BoundMethod::call():35}()
#18 /home/boemi/Documents/Kuliah/pblsem6/hydrogami-backend/Admin-HydroGami/vendor/laravel/framework/src/Illuminate/Container/BoundMethod.php(93): Illuminate\\Container\\Util::unwrapIfClosure()
#19 /home/boemi/Documents/Kuliah/pblsem6/hydrogami-backend/Admin-HydroGami/vendor/laravel/framework/src/Illuminate/Container/BoundMethod.php(35): Illuminate\\Container\\BoundMethod::callBoundMethod()
#20 /home/boemi/Documents/Kuliah/pblsem6/hydrogami-backend/Admin-HydroGami/vendor/laravel/framework/src/Illuminate/Container/Container.php(662): Illuminate\\Container\\BoundMethod::call()
#21 /home/boemi/Documents/Kuliah/pblsem6/hydrogami-backend/Admin-HydroGami/vendor/laravel/framework/src/Illuminate/Console/Command.php(211): Illuminate\\Container\\Container->call()
#22 /home/boemi/Documents/Kuliah/pblsem6/hydrogami-backend/Admin-HydroGami/vendor/symfony/console/Command/Command.php(326): Illuminate\\Console\\Command->execute()
#23 /home/boemi/Documents/Kuliah/pblsem6/hydrogami-backend/Admin-HydroGami/vendor/laravel/framework/src/Illuminate/Console/Command.php(180): Symfony\\Component\\Console\\Command\\Command->run()
#24 /home/boemi/Documents/Kuliah/pblsem6/hydrogami-backend/Admin-HydroGami/vendor/symfony/console/Application.php(1121): Illuminate\\Console\\Command->run()
#25 /home/boemi/Documents/Kuliah/pblsem6/hydrogami-backend/Admin-HydroGami/vendor/symfony/console/Application.php(324): Symfony\\Component\\Console\\Application->doRunCommand()
#26 /home/boemi/Documents/Kuliah/pblsem6/hydrogami-backend/Admin-HydroGami/vendor/symfony/console/Application.php(175): Symfony\\Component\\Console\\Application->doRun()
#27 /home/boemi/Documents/Kuliah/pblsem6/hydrogami-backend/Admin-HydroGami/vendor/laravel/framework/src/Illuminate/Foundation/Console/Kernel.php(201): Symfony\\Component\\Console\\Application->run()
#28 /home/boemi/Documents/Kuliah/pblsem6/hydrogami-backend/Admin-HydroGami/artisan(35): Illuminate\\Foundation\\Console\\Kernel->handle()
#29 {main}

[previous exception] [object] (PDOException(code: 2002): SQLSTATE[HY000] [2002] Connection refused at /home/boemi/Documents/Kuliah/pblsem6/hydrogami-backend/Admin-HydroGami/vendor/laravel/framework/src/Illuminate/Database/Connectors/Connector.php:65)
[stacktrace]
#0 /home/boemi/Documents/Kuliah/pblsem6/hydrogami-backend/Admin-HydroGami/vendor/laravel/framework/src/Illuminate/Database/Connectors/Connector.php(65): PDO->__construct()
#1 /home/boemi/Documents/Kuliah/pblsem6/hydrogami-backend/Admin-HydroGami/vendor/laravel/framework/src/Illuminate/Database/Connectors/Connector.php(83): Illuminate\\Database\\Connectors\\Connector->createPdoConnection()
#2 /home/boemi/Documents/Kuliah/pblsem6/hydrogami-backend/Admin-HydroGami/vendor/laravel/framework/src/Illuminate/Database/Connectors/Connector.php(48): Illuminate\\Database\\Connectors\\Connector->tryAgainIfCausedByLostConnection()
#3 /home/boemi/Documents/Kuliah/pblsem6/hydrogami-backend/Admin-HydroGami/vendor/laravel/framework/src/Illuminate/Database/Connectors/MySqlConnector.php(24): Illuminate\\Database\\Connectors\\Connector->createConnection()
#4 /home/boemi/Documents/Kuliah/pblsem6/hydrogami-backend/Admin-HydroGami/vendor/laravel/framework/src/Illuminate/Database/Connectors/ConnectionFactory.php(184): Illuminate\\Database\\Connectors\\MySqlConnector->connect()
#5 [internal function]: Illuminate\\Database\\Connectors\\ConnectionFactory->{closure:Illuminate\\Database\\Connectors\\ConnectionFactory::createPdoResolverWithHosts():179}()
#6 /home/boemi/Documents/Kuliah/pblsem6/hydrogami-backend/Admin-HydroGami/vendor/laravel/framework/src/Illuminate/Database/Connection.php(1339): call_user_func()
#7 /home/boemi/Documents/Kuliah/pblsem6/hydrogami-backend/Admin-HydroGami/vendor/laravel/framework/src/Illuminate/Database/Connection.php(528): Illuminate\\Database\\Connection->getPdo()
#8 /home/boemi/Documents/Kuliah/pblsem6/hydrogami-backend/Admin-HydroGami/vendor/laravel/framework/src/Illuminate/Database/Connection.php(423): Illuminate\\Database\\Connection->getPdoForSelect()
#9 /home/boemi/Documents/Kuliah/pblsem6/hydrogami-backend/Admin-HydroGami/vendor/laravel/framework/src/Illuminate/Database/Connection.php(816): Illuminate\\Database\\Connection->{closure:Illuminate\\Database\\Connection::select():414}()
#10 /home/boemi/Documents/Kuliah/pblsem6/hydrogami-backend/Admin-HydroGami/vendor/laravel/framework/src/Illuminate/Database/Connection.php(983): Illuminate\\Database\\Connection->runQueryCallback()
#11 /home/boemi/Documents/Kuliah/pblsem6/hydrogami-backend/Admin-HydroGami/vendor/laravel/framework/src/Illuminate/Database/Connection.php(962): Illuminate\\Database\\Connection->tryAgainIfCausedByLostConnection()
#12 /home/boemi/Documents/Kuliah/pblsem6/hydrogami-backend/Admin-HydroGami/vendor/laravel/framework/src/Illuminate/Database/Connection.php(785): Illuminate\\Database\\Connection->handleQueryException()
#13 /home/boemi/Documents/Kuliah/pblsem6/hydrogami-backend/Admin-HydroGami/vendor/laravel/framework/src/Illuminate/Database/Connection.php(414): Illuminate\\Database\\Connection->run()
#14 /home/boemi/Documents/Kuliah/pblsem6/hydrogami-backend/Admin-HydroGami/vendor/laravel/framework/src/Illuminate/Database/Connection.php(401): Illuminate\\Database\\Connection->select()
#15 /home/boemi/Documents/Kuliah/pblsem6/hydrogami-backend/Admin-HydroGami/vendor/laravel/framework/src/Illuminate/Database/Schema/MySqlBuilder.php(41): Illuminate\\Database\\Connection->selectFromWriteConnection()
#16 /home/boemi/Documents/Kuliah/pblsem6/hydrogami-backend/Admin-HydroGami/vendor/laravel/framework/src/Illuminate/Database/Schema/Builder.php(165): Illuminate\\Database\\Schema\\MySqlBuilder->getTables()
#17 /home/boemi/Documents/Kuliah/pblsem6/hydrogami-backend/Admin-HydroGami/vendor/laravel/framework/src/Illuminate/Database/Migrations/DatabaseMigrationRepository.php(184): Illuminate\\Database\\Schema\\Builder->hasTable()
#18 /home/boemi/Documents/Kuliah/pblsem6/hydrogami-backend/Admin-HydroGami/vendor/laravel/framework/src/Illuminate/Database/Migrations/Migrator.php(727): Illuminate\\Database\\Migrations\\DatabaseMigrationRepository->repositoryExists()
#19 /home/boemi/Documents/Kuliah/pblsem6/hydrogami-backend/Admin-HydroGami/vendor/laravel/framework/src/Illuminate/Database/Console/Migrations/MigrateCommand.php(140): Illuminate\\Database\\Migrations\\Migrator->repositoryExists()
#20 /home/boemi/Documents/Kuliah/pblsem6/hydrogami-backend/Admin-HydroGami/vendor/laravel/framework/src/Illuminate/Support/helpers.php(261): Illuminate\\Database\\Console\\Migrations\\MigrateCommand->{closure:Illuminate\\Database\\Console\\Migrations\\MigrateCommand::repositoryExists():140}()
#21 /home/boemi/Documents/Kuliah/pblsem6/hydrogami-backend/Admin-HydroGami/vendor/laravel/framework/src/Illuminate/Database/Console/Migrations/MigrateCommand.php(140): retry()
#22 /home/boemi/Documents/Kuliah/pblsem6/hydrogami-backend/Admin-HydroGami/vendor/laravel/framework/src/Illuminate/Database/Console/Migrations/MigrateCommand.php(116): Illuminate\\Database\\Console\\Migrations\\MigrateCommand->repositoryExists()
#23 /home/boemi/Documents/Kuliah/pblsem6/hydrogami-backend/Admin-HydroGami/vendor/laravel/framework/src/Illuminate/Database/Console/Migrations/MigrateCommand.php(84): Illuminate\\Database\\Console\\Migrations\\MigrateCommand->prepareDatabase()
#24 /home/boemi/Documents/Kuliah/pblsem6/hydrogami-backend/Admin-HydroGami/vendor/laravel/framework/src/Illuminate/Database/Migrations/Migrator.php(641): Illuminate\\Database\\Console\\Migrations\\MigrateCommand->{closure:Illuminate\\Database\\Console\\Migrations\\MigrateCommand::handle():83}()
#25 /home/boemi/Documents/Kuliah/pblsem6/hydrogami-backend/Admin-HydroGami/vendor/laravel/framework/src/Illuminate/Database/Console/Migrations/MigrateCommand.php(83): Illuminate\\Database\\Migrations\\Migrator->usingConnection()
#26 /home/boemi/Documents/Kuliah/pblsem6/hydrogami-backend/Admin-HydroGami/vendor/laravel/framework/src/Illuminate/Container/BoundMethod.php(36): Illuminate\\Database\\Console\\Migrations\\MigrateCommand->handle()
#27 /home/boemi/Documents/Kuliah/pblsem6/hydrogami-backend/Admin-HydroGami/vendor/laravel/framework/src/Illuminate/Container/Util.php(41): Illuminate\\Container\\BoundMethod::{closure:Illuminate\\Container\\BoundMethod::call():35}()
#28 /home/boemi/Documents/Kuliah/pblsem6/hydrogami-backend/Admin-HydroGami/vendor/laravel/framework/src/Illuminate/Container/BoundMethod.php(93): Illuminate\\Container\\Util::unwrapIfClosure()
#29 /home/boemi/Documents/Kuliah/pblsem6/hydrogami-backend/Admin-HydroGami/vendor/laravel/framework/src/Illuminate/Container/BoundMethod.php(35): Illuminate\\Container\\BoundMethod::callBoundMethod()
#30 /home/boemi/Documents/Kuliah/pblsem6/hydrogami-backend/Admin-HydroGami/vendor/laravel/framework/src/Illuminate/Container/Container.php(662): Illuminate\\Container\\BoundMethod::call()
#31 /home/boemi/Documents/Kuliah/pblsem6/hydrogami-backend/Admin-HydroGami/vendor/laravel/framework/src/Illuminate/Console/Command.php(211): Illuminate\\Container\\Container->call()
#32 /home/boemi/Documents/Kuliah/pblsem6/hydrogami-backend/Admin-HydroGami/vendor/symfony/console/Command/Command.php(326): Illuminate\\Console\\Command->execute()
#33 /home/boemi/Documents/Kuliah/pblsem6/hydrogami-backend/Admin-HydroGami/vendor/laravel/framework/src/Illuminate/Console/Command.php(180): Symfony\\Component\\Console\\Command\\Command->run()
#34 /home/boemi/Documents/Kuliah/pblsem6/hydrogami-backend/Admin-HydroGami/vendor/symfony/console/Application.php(1121): Illuminate\\Console\\Command->run()
#35 /home/boemi/Documents/Kuliah/pblsem6/hydrogami-backend/Admin-HydroGami/vendor/symfony/console/Application.php(324): Symfony\\Component\\Console\\Application->doRunCommand()
#36 /home/boemi/Documents/Kuliah/pblsem6/hydrogami-backend/Admin-HydroGami/vendor/symfony/console/Application.php(175): Symfony\\Component\\Console\\Application->doRun()
#37 /home/boemi/Documents/Kuliah/pblsem6/hydrogami-backend/Admin-HydroGami/vendor/laravel/framework/src/Illuminate/Foundation/Console/Kernel.php(201): Symfony\\Component\\Console\\Application->run()
#38 /home/boemi/Documents/Kuliah/pblsem6/hydrogami-backend/Admin-HydroGami/artisan(35): Illuminate\\Foundation\\Console\\Kernel->handle()
#39 {main}
"} 
[2026-05-19 15:17:44] local.ERROR: SQLSTATE[HY000] [1045] Access denied for user 'root'@'172.19.0.1' (using password: NO) (Connection: mysql, SQL: select table_name as `name`, (data_length + index_length) as `size`, table_comment as `comment`, engine as `engine`, table_collation as `collation` from information_schema.tables where table_schema = 'db3_hydro' and table_type in ('BASE TABLE', 'SYSTEM VERSIONED') order by table_name) {"exception":"[object] (Illuminate\\Database\\QueryException(code: 1045): SQLSTATE[HY000] [1045] Access denied for user 'root'@'172.19.0.1' (using password: NO) (Connection: mysql, SQL: select table_name as `name`, (data_length + index_length) as `size`, table_comment as `comment`, engine as `engine`, table_collation as `collation` from information_schema.tables where table_schema = 'db3_hydro' and table_type in ('BASE TABLE', 'SYSTEM VERSIONED') order by table_name) at /home/boemi/Documents/Kuliah/pblsem6/hydrogami-backend/Admin-HydroGami/vendor/laravel/framework/src/Illuminate/Database/Connection.php:829)
[stacktrace]
#0 /home/boemi/Documents/Kuliah/pblsem6/hydrogami-backend/Admin-HydroGami/vendor/laravel/framework/src/Illuminate/Database/Connection.php(783): Illuminate\\Database\\Connection->runQueryCallback()
#1 /home/boemi/Documents/Kuliah/pblsem6/hydrogami-backend/Admin-HydroGami/vendor/laravel/framework/src/Illuminate/Database/Connection.php(414): Illuminate\\Database\\Connection->run()
#2 /home/boemi/Documents/Kuliah/pblsem6/hydrogami-backend/Admin-HydroGami/vendor/laravel/framework/src/Illuminate/Database/Connection.php(401): Illuminate\\Database\\Connection->select()
#3 /home/boemi/Documents/Kuliah/pblsem6/hydrogami-backend/Admin-HydroGami/vendor/laravel/framework/src/Illuminate/Database/Schema/MySqlBuilder.php(41): Illuminate\\Database\\Connection->selectFromWriteConnection()
#4 /home/boemi/Documents/Kuliah/pblsem6/hydrogami-backend/Admin-HydroGami/vendor/laravel/framework/src/Illuminate/Database/Schema/Builder.php(165): Illuminate\\Database\\Schema\\MySqlBuilder->getTables()
#5 /home/boemi/Documents/Kuliah/pblsem6/hydrogami-backend/Admin-HydroGami/vendor/laravel/framework/src/Illuminate/Database/Migrations/DatabaseMigrationRepository.php(184): Illuminate\\Database\\Schema\\Builder->hasTable()
#6 /home/boemi/Documents/Kuliah/pblsem6/hydrogami-backend/Admin-HydroGami/vendor/laravel/framework/src/Illuminate/Database/Migrations/Migrator.php(727): Illuminate\\Database\\Migrations\\DatabaseMigrationRepository->repositoryExists()
#7 /home/boemi/Documents/Kuliah/pblsem6/hydrogami-backend/Admin-HydroGami/vendor/laravel/framework/src/Illuminate/Database/Console/Migrations/MigrateCommand.php(140): Illuminate\\Database\\Migrations\\Migrator->repositoryExists()
#8 /home/boemi/Documents/Kuliah/pblsem6/hydrogami-backend/Admin-HydroGami/vendor/laravel/framework/src/Illuminate/Support/helpers.php(261): Illuminate\\Database\\Console\\Migrations\\MigrateCommand->{closure:Illuminate\\Database\\Console\\Migrations\\MigrateCommand::repositoryExists():140}()
#9 /home/boemi/Documents/Kuliah/pblsem6/hydrogami-backend/Admin-HydroGami/vendor/laravel/framework/src/Illuminate/Database/Console/Migrations/MigrateCommand.php(140): retry()
#10 /home/boemi/Documents/Kuliah/pblsem6/hydrogami-backend/Admin-HydroGami/vendor/laravel/framework/src/Illuminate/Database/Console/Migrations/MigrateCommand.php(116): Illuminate\\Database\\Console\\Migrations\\MigrateCommand->repositoryExists()
#11 /home/boemi/Documents/Kuliah/pblsem6/hydrogami-backend/Admin-HydroGami/vendor/laravel/framework/src/Illuminate/Database/Console/Migrations/MigrateCommand.php(84): Illuminate\\Database\\Console\\Migrations\\MigrateCommand->prepareDatabase()
#12 /home/boemi/Documents/Kuliah/pblsem6/hydrogami-backend/Admin-HydroGami/vendor/laravel/framework/src/Illuminate/Database/Migrations/Migrator.php(641): Illuminate\\Database\\Console\\Migrations\\MigrateCommand->{closure:Illuminate\\Database\\Console\\Migrations\\MigrateCommand::handle():83}()
#13 /home/boemi/Documents/Kuliah/pblsem6/hydrogami-backend/Admin-HydroGami/vendor/laravel/framework/src/Illuminate/Database/Console/Migrations/MigrateCommand.php(83): Illuminate\\Database\\Migrations\\Migrator->usingConnection()
#14 /home/boemi/Documents/Kuliah/pblsem6/hydrogami-backend/Admin-HydroGami/vendor/laravel/framework/src/Illuminate/Container/BoundMethod.php(36): Illuminate\\Database\\Console\\Migrations\\MigrateCommand->handle()
#15 /home/boemi/Documents/Kuliah/pblsem6/hydrogami-backend/Admin-HydroGami/vendor/laravel/framework/src/Illuminate/Container/Util.php(41): Illuminate\\Container\\BoundMethod::{closure:Illuminate\\Container\\BoundMethod::call():35}()
#16 /home/boemi/Documents/Kuliah/pblsem6/hydrogami-backend/Admin-HydroGami/vendor/laravel/framework/src/Illuminate/Container/BoundMethod.php(93): Illuminate\\Container\\Util::unwrapIfClosure()
#17 /home/boemi/Documents/Kuliah/pblsem6/hydrogami-backend/Admin-HydroGami/vendor/laravel/framework/src/Illuminate/Container/BoundMethod.php(35): Illuminate\\Container\\BoundMethod::callBoundMethod()
#18 /home/boemi/Documents/Kuliah/pblsem6/hydrogami-backend/Admin-HydroGami/vendor/laravel/framework/src/Illuminate/Container/Container.php(662): Illuminate\\Container\\BoundMethod::call()
#19 /home/boemi/Documents/Kuliah/pblsem6/hydrogami-backend/Admin-HydroGami/vendor/laravel/framework/src/Illuminate/Console/Command.php(211): Illuminate\\Container\\Container->call()
#20 /home/boemi/Documents/Kuliah/pblsem6/hydrogami-backend/Admin-HydroGami/vendor/symfony/console/Command/Command.php(326): Illuminate\\Console\\Command->execute()
#21 /home/boemi/Documents/Kuliah/pblsem6/hydrogami-backend/Admin-HydroGami/vendor/laravel/framework/src/Illuminate/Console/Command.php(180): Symfony\\Component\\Console\\Command\\Command->run()
#22 /home/boemi/Documents/Kuliah/pblsem6/hydrogami-backend/Admin-HydroGami/vendor/symfony/console/Application.php(1121): Illuminate\\Console\\Command->run()
#23 /home/boemi/Documents/Kuliah/pblsem6/hydrogami-backend/Admin-HydroGami/vendor/symfony/console/Application.php(324): Symfony\\Component\\Console\\Application->doRunCommand()
#24 /home/boemi/Documents/Kuliah/pblsem6/hydrogami-backend/Admin-HydroGami/vendor/symfony/console/Application.php(175): Symfony\\Component\\Console\\Application->doRun()
#25 /home/boemi/Documents/Kuliah/pblsem6/hydrogami-backend/Admin-HydroGami/vendor/laravel/framework/src/Illuminate/Foundation/Console/Kernel.php(201): Symfony\\Component\\Console\\Application->run()
#26 /home/boemi/Documents/Kuliah/pblsem6/hydrogami-backend/Admin-HydroGami/artisan(35): Illuminate\\Foundation\\Console\\Kernel->handle()
#27 {main}

[previous exception] [object] (PDOException(code: 1045): SQLSTATE[HY000] [1045] Access denied for user 'root'@'172.19.0.1' (using password: NO) at /home/boemi/Documents/Kuliah/pblsem6/hydrogami-backend/Admin-HydroGami/vendor/laravel/framework/src/Illuminate/Database/Connectors/Connector.php:65)
[stacktrace]
#0 /home/boemi/Documents/Kuliah/pblsem6/hydrogami-backend/Admin-HydroGami/vendor/laravel/framework/src/Illuminate/Database/Connectors/Connector.php(65): PDO->__construct()
#1 /home/boemi/Documents/Kuliah/pblsem6/hydrogami-backend/Admin-HydroGami/vendor/laravel/framework/src/Illuminate/Database/Connectors/Connector.php(44): Illuminate\\Database\\Connectors\\Connector->createPdoConnection()
#2 /home/boemi/Documents/Kuliah/pblsem6/hydrogami-backend/Admin-HydroGami/vendor/laravel/framework/src/Illuminate/Database/Connectors/MySqlConnector.php(24): Illuminate\\Database\\Connectors\\Connector->createConnection()
#3 /home/boemi/Documents/Kuliah/pblsem6/hydrogami-backend/Admin-HydroGami/vendor/laravel/framework/src/Illuminate/Database/Connectors/ConnectionFactory.php(184): Illuminate\\Database\\Connectors\\MySqlConnector->connect()
#4 [internal function]: Illuminate\\Database\\Connectors\\ConnectionFactory->{closure:Illuminate\\Database\\Connectors\\ConnectionFactory::createPdoResolverWithHosts():179}()
#5 /home/boemi/Documents/Kuliah/pblsem6/hydrogami-backend/Admin-HydroGami/vendor/laravel/framework/src/Illuminate/Database/Connection.php(1339): call_user_func()
#6 /home/boemi/Documents/Kuliah/pblsem6/hydrogami-backend/Admin-HydroGami/vendor/laravel/framework/src/Illuminate/Database/Connection.php(528): Illuminate\\Database\\Connection->getPdo()
#7 /home/boemi/Documents/Kuliah/pblsem6/hydrogami-backend/Admin-HydroGami/vendor/laravel/framework/src/Illuminate/Database/Connection.php(423): Illuminate\\Database\\Connection->getPdoForSelect()
#8 /home/boemi/Documents/Kuliah/pblsem6/hydrogami-backend/Admin-HydroGami/vendor/laravel/framework/src/Illuminate/Database/Connection.php(816): Illuminate\\Database\\Connection->{closure:Illuminate\\Database\\Connection::select():414}()
#9 /home/boemi/Documents/Kuliah/pblsem6/hydrogami-backend/Admin-HydroGami/vendor/laravel/framework/src/Illuminate/Database/Connection.php(783): Illuminate\\Database\\Connection->runQueryCallback()
#10 /home/boemi/Documents/Kuliah/pblsem6/hydrogami-backend/Admin-HydroGami/vendor/laravel/framework/src/Illuminate/Database/Connection.php(414): Illuminate\\Database\\Connection->run()
#11 /home/boemi/Documents/Kuliah/pblsem6/hydrogami-backend/Admin-HydroGami/vendor/laravel/framework/src/Illuminate/Database/Connection.php(401): Illuminate\\Database\\Connection->select()
#12 /home/boemi/Documents/Kuliah/pblsem6/hydrogami-backend/Admin-HydroGami/vendor/laravel/framework/src/Illuminate/Database/Schema/MySqlBuilder.php(41): Illuminate\\Database\\Connection->selectFromWriteConnection()
#13 /home/boemi/Documents/Kuliah/pblsem6/hydrogami-backend/Admin-HydroGami/vendor/laravel/framework/src/Illuminate/Database/Schema/Builder.php(165): Illuminate\\Database\\Schema\\MySqlBuilder->getTables()
#14 /home/boemi/Documents/Kuliah/pblsem6/hydrogami-backend/Admin-HydroGami/vendor/laravel/framework/src/Illuminate/Database/Migrations/DatabaseMigrationRepository.php(184): Illuminate\\Database\\Schema\\Builder->hasTable()
#15 /home/boemi/Documents/Kuliah/pblsem6/hydrogami-backend/Admin-HydroGami/vendor/laravel/framework/src/Illuminate/Database/Migrations/Migrator.php(727): Illuminate\\Database\\Migrations\\DatabaseMigrationRepository->repositoryExists()
#16 /home/boemi/Documents/Kuliah/pblsem6/hydrogami-backend/Admin-HydroGami/vendor/laravel/framework/src/Illuminate/Database/Console/Migrations/MigrateCommand.php(140): Illuminate\\Database\\Migrations\\Migrator->repositoryExists()
#17 /home/boemi/Documents/Kuliah/pblsem6/hydrogami-backend/Admin-HydroGami/vendor/laravel/framework/src/Illuminate/Support/helpers.php(261): Illuminate\\Database\\Console\\Migrations\\MigrateCommand->{closure:Illuminate\\Database\\Console\\Migrations\\MigrateCommand::repositoryExists():140}()
#18 /home/boemi/Documents/Kuliah/pblsem6/hydrogami-backend/Admin-HydroGami/vendor/laravel/framework/src/Illuminate/Database/Console/Migrations/MigrateCommand.php(140): retry()
#19 /home/boemi/Documents/Kuliah/pblsem6/hydrogami-backend/Admin-HydroGami/vendor/laravel/framework/src/Illuminate/Database/Console/Migrations/MigrateCommand.php(116): Illuminate\\Database\\Console\\Migrations\\MigrateCommand->repositoryExists()
#20 /home/boemi/Documents/Kuliah/pblsem6/hydrogami-backend/Admin-HydroGami/vendor/laravel/framework/src/Illuminate/Database/Console/Migrations/MigrateCommand.php(84): Illuminate\\Database\\Console\\Migrations\\MigrateCommand->prepareDatabase()
#21 /home/boemi/Documents/Kuliah/pblsem6/hydrogami-backend/Admin-HydroGami/vendor/laravel/framework/src/Illuminate/Database/Migrations/Migrator.php(641): Illuminate\\Database\\Console\\Migrations\\MigrateCommand->{closure:Illuminate\\Database\\Console\\Migrations\\MigrateCommand::handle():83}()
#22 /home/boemi/Documents/Kuliah/pblsem6/hydrogami-backend/Admin-HydroGami/vendor/laravel/framework/src/Illuminate/Database/Console/Migrations/MigrateCommand.php(83): Illuminate\\Database\\Migrations\\Migrator->usingConnection()
#23 /home/boemi/Documents/Kuliah/pblsem6/hydrogami-backend/Admin-HydroGami/vendor/laravel/framework/src/Illuminate/Container/BoundMethod.php(36): Illuminate\\Database\\Console\\Migrations\\MigrateCommand->handle()
#24 /home/boemi/Documents/Kuliah/pblsem6/hydrogami-backend/Admin-HydroGami/vendor/laravel/framework/src/Illuminate/Container/Util.php(41): Illuminate\\Container\\BoundMethod::{closure:Illuminate\\Container\\BoundMethod::call():35}()
#25 /home/boemi/Documents/Kuliah/pblsem6/hydrogami-backend/Admin-HydroGami/vendor/laravel/framework/src/Illuminate/Container/BoundMethod.php(93): Illuminate\\Container\\Util::unwrapIfClosure()
#26 /home/boemi/Documents/Kuliah/pblsem6/hydrogami-backend/Admin-HydroGami/vendor/laravel/framework/src/Illuminate/Container/BoundMethod.php(35): Illuminate\\Container\\BoundMethod::callBoundMethod()
#27 /home/boemi/Documents/Kuliah/pblsem6/hydrogami-backend/Admin-HydroGami/vendor/laravel/framework/src/Illuminate/Container/Container.php(662): Illuminate\\Container\\BoundMethod::call()
#28 /home/boemi/Documents/Kuliah/pblsem6/hydrogami-backend/Admin-HydroGami/vendor/laravel/framework/src/Illuminate/Console/Command.php(211): Illuminate\\Container\\Container->call()
#29 /home/boemi/Documents/Kuliah/pblsem6/hydrogami-backend/Admin-HydroGami/vendor/symfony/console/Command/Command.php(326): Illuminate\\Console\\Command->execute()
#30 /home/boemi/Documents/Kuliah/pblsem6/hydrogami-backend/Admin-HydroGami/vendor/laravel/framework/src/Illuminate/Console/Command.php(180): Symfony\\Component\\Console\\Command\\Command->run()
#31 /home/boemi/Documents/Kuliah/pblsem6/hydrogami-backend/Admin-HydroGami/vendor/symfony/console/Application.php(1121): Illuminate\\Console\\Command->run()
#32 /home/boemi/Documents/Kuliah/pblsem6/hydrogami-backend/Admin-HydroGami/vendor/symfony/console/Application.php(324): Symfony\\Component\\Console\\Application->doRunCommand()
#33 /home/boemi/Documents/Kuliah/pblsem6/hydrogami-backend/Admin-HydroGami/vendor/symfony/console/Application.php(175): Symfony\\Component\\Console\\Application->doRun()
#34 /home/boemi/Documents/Kuliah/pblsem6/hydrogami-backend/Admin-HydroGami/vendor/laravel/framework/src/Illuminate/Foundation/Console/Kernel.php(201): Symfony\\Component\\Console\\Application->run()
#35 /home/boemi/Documents/Kuliah/pblsem6/hydrogami-backend/Admin-HydroGami/artisan(35): Illuminate\\Foundation\\Console\\Kernel->handle()
#36 {main}
"} 
[2026-05-19 15:20:28] local.ERROR: SQLSTATE[HY000]: General error: 1824 Failed to open the referenced table 'admin' (Connection: mysql, SQL: alter table `rewards` add constraint `rewards_id_admin_foreign` foreign key (`id_admin`) references `admin` (`id_admin`) on delete cascade) {"exception":"[object] (Illuminate\\Database\\QueryException(code: HY000): SQLSTATE[HY000]: General error: 1824 Failed to open the referenced table 'admin' (Connection: mysql, SQL: alter table `rewards` add constraint `rewards_id_admin_foreign` foreign key (`id_admin`) references `admin` (`id_admin`) on delete cascade) at /home/boemi/Documents/Kuliah/pblsem6/hydrogami-backend/Admin-HydroGami/vendor/laravel/framework/src/Illuminate/Database/Connection.php:829)
[stacktrace]
#0 /home/boemi/Documents/Kuliah/pblsem6/hydrogami-backend/Admin-HydroGami/vendor/laravel/framework/src/Illuminate/Database/Connection.php(783): Illuminate\\Database\\Connection->runQueryCallback()
#1 /home/boemi/Documents/Kuliah/pblsem6/hydrogami-backend/Admin-HydroGami/vendor/laravel/framework/src/Illuminate/Database/Connection.php(576): Illuminate\\Database\\Connection->run()
#2 /home/boemi/Documents/Kuliah/pblsem6/hydrogami-backend/Admin-HydroGami/vendor/laravel/framework/src/Illuminate/Database/Schema/Blueprint.php(110): Illuminate\\Database\\Connection->statement()
#3 /home/boemi/Documents/Kuliah/pblsem6/hydrogami-backend/Admin-HydroGami/vendor/laravel/framework/src/Illuminate/Database/Schema/Builder.php(602): Illuminate\\Database\\Schema\\Blueprint->build()
#4 /home/boemi/Documents/Kuliah/pblsem6/hydrogami-backend/Admin-HydroGami/vendor/laravel/framework/src/Illuminate/Database/Schema/Builder.php(456): Illuminate\\Database\\Schema\\Builder->build()
#5 /home/boemi/Documents/Kuliah/pblsem6/hydrogami-backend/Admin-HydroGami/vendor/laravel/framework/src/Illuminate/Support/Facades/Facade.php(355): Illuminate\\Database\\Schema\\Builder->create()
#6 /home/boemi/Documents/Kuliah/pblsem6/hydrogami-backend/Admin-HydroGami/database/migrations/2025_07_04_164838_create_rewards_table.php(11): Illuminate\\Support\\Facades\\Facade::__callStatic()
#7 /home/boemi/Documents/Kuliah/pblsem6/hydrogami-backend/Admin-HydroGami/vendor/laravel/framework/src/Illuminate/Database/Migrations/Migrator.php(501): Illuminate\\Database\\Migrations\\Migration@anonymous->up()
#8 /home/boemi/Documents/Kuliah/pblsem6/hydrogami-backend/Admin-HydroGami/vendor/laravel/framework/src/Illuminate/Database/Migrations/Migrator.php(418): Illuminate\\Database\\Migrations\\Migrator->runMethod()
#9 /home/boemi/Documents/Kuliah/pblsem6/hydrogami-backend/Admin-HydroGami/vendor/laravel/framework/src/Illuminate/Database/Migrations/Migrator.php(427): Illuminate\\Database\\Migrations\\Migrator->{closure:Illuminate\\Database\\Migrations\\Migrator::runMigration():414}()
#10 /home/boemi/Documents/Kuliah/pblsem6/hydrogami-backend/Admin-HydroGami/vendor/laravel/framework/src/Illuminate/Database/Migrations/Migrator.php(224): Illuminate\\Database\\Migrations\\Migrator->runMigration()
#11 /home/boemi/Documents/Kuliah/pblsem6/hydrogami-backend/Admin-HydroGami/vendor/laravel/framework/src/Illuminate/Console/View/Components/Task.php(37): Illuminate\\Database\\Migrations\\Migrator->{closure:Illuminate\\Database\\Migrations\\Migrator::runUp():224}()
#12 /home/boemi/Documents/Kuliah/pblsem6/hydrogami-backend/Admin-HydroGami/vendor/laravel/framework/src/Illuminate/Database/Migrations/Migrator.php(783): Illuminate\\Console\\View\\Components\\Task->render()
#13 /home/boemi/Documents/Kuliah/pblsem6/hydrogami-backend/Admin-HydroGami/vendor/laravel/framework/src/Illuminate/Database/Migrations/Migrator.php(224): Illuminate\\Database\\Migrations\\Migrator->write()
#14 /home/boemi/Documents/Kuliah/pblsem6/hydrogami-backend/Admin-HydroGami/vendor/laravel/framework/src/Illuminate/Database/Migrations/Migrator.php(189): Illuminate\\Database\\Migrations\\Migrator->runUp()
#15 /home/boemi/Documents/Kuliah/pblsem6/hydrogami-backend/Admin-HydroGami/vendor/laravel/framework/src/Illuminate/Database/Migrations/Migrator.php(132): Illuminate\\Database\\Migrations\\Migrator->runPending()
#16 /home/boemi/Documents/Kuliah/pblsem6/hydrogami-backend/Admin-HydroGami/vendor/laravel/framework/src/Illuminate/Database/Console/Migrations/MigrateCommand.php(90): Illuminate\\Database\\Migrations\\Migrator->run()
#17 /home/boemi/Documents/Kuliah/pblsem6/hydrogami-backend/Admin-HydroGami/vendor/laravel/framework/src/Illuminate/Database/Migrations/Migrator.php(641): Illuminate\\Database\\Console\\Migrations\\MigrateCommand->{closure:Illuminate\\Database\\Console\\Migrations\\MigrateCommand::handle():83}()
#18 /home/boemi/Documents/Kuliah/pblsem6/hydrogami-backend/Admin-HydroGami/vendor/laravel/framework/src/Illuminate/Database/Console/Migrations/MigrateCommand.php(83): Illuminate\\Database\\Migrations\\Migrator->usingConnection()
#19 /home/boemi/Documents/Kuliah/pblsem6/hydrogami-backend/Admin-HydroGami/vendor/laravel/framework/src/Illuminate/Container/BoundMethod.php(36): Illuminate\\Database\\Console\\Migrations\\MigrateCommand->handle()
#20 /home/boemi/Documents/Kuliah/pblsem6/hydrogami-backend/Admin-HydroGami/vendor/laravel/framework/src/Illuminate/Container/Util.php(41): Illuminate\\Container\\BoundMethod::{closure:Illuminate\\Container\\BoundMethod::call():35}()
#21 /home/boemi/Documents/Kuliah/pblsem6/hydrogami-backend/Admin-HydroGami/vendor/laravel/framework/src/Illuminate/Container/BoundMethod.php(93): Illuminate\\Container\\Util::unwrapIfClosure()
#22 /home/boemi/Documents/Kuliah/pblsem6/hydrogami-backend/Admin-HydroGami/vendor/laravel/framework/src/Illuminate/Container/BoundMethod.php(35): Illuminate\\Container\\BoundMethod::callBoundMethod()
#23 /home/boemi/Documents/Kuliah/pblsem6/hydrogami-backend/Admin-HydroGami/vendor/laravel/framework/src/Illuminate/Container/Container.php(662): Illuminate\\Container\\BoundMethod::call()
#24 /home/boemi/Documents/Kuliah/pblsem6/hydrogami-backend/Admin-HydroGami/vendor/laravel/framework/src/Illuminate/Console/Command.php(211): Illuminate\\Container\\Container->call()
#25 /home/boemi/Documents/Kuliah/pblsem6/hydrogami-backend/Admin-HydroGami/vendor/symfony/console/Command/Command.php(326): Illuminate\\Console\\Command->execute()
#26 /home/boemi/Documents/Kuliah/pblsem6/hydrogami-backend/Admin-HydroGami/vendor/laravel/framework/src/Illuminate/Console/Command.php(180): Symfony\\Component\\Console\\Command\\Command->run()
#27 /home/boemi/Documents/Kuliah/pblsem6/hydrogami-backend/Admin-HydroGami/vendor/symfony/console/Application.php(1121): Illuminate\\Console\\Command->run()
#28 /home/boemi/Documents/Kuliah/pblsem6/hydrogami-backend/Admin-HydroGami/vendor/symfony/console/Application.php(324): Symfony\\Component\\Console\\Application->doRunCommand()
#29 /home/boemi/Documents/Kuliah/pblsem6/hydrogami-backend/Admin-HydroGami/vendor/symfony/console/Application.php(175): Symfony\\Component\\Console\\Application->doRun()
#30 /home/boemi/Documents/Kuliah/pblsem6/hydrogami-backend/Admin-HydroGami/vendor/laravel/framework/src/Illuminate/Foundation/Console/Kernel.php(201): Symfony\\Component\\Console\\Application->run()
#31 /home/boemi/Documents/Kuliah/pblsem6/hydrogami-backend/Admin-HydroGami/artisan(35): Illuminate\\Foundation\\Console\\Kernel->handle()
#32 {main}

[previous exception] [object] (PDOException(code: HY000): SQLSTATE[HY000]: General error: 1824 Failed to open the referenced table 'admin' at /home/boemi/Documents/Kuliah/pblsem6/hydrogami-backend/Admin-HydroGami/vendor/laravel/framework/src/Illuminate/Database/Connection.php:587)
[stacktrace]
#0 /home/boemi/Documents/Kuliah/pblsem6/hydrogami-backend/Admin-HydroGami/vendor/laravel/framework/src/Illuminate/Database/Connection.php(587): PDOStatement->execute()
#1 /home/boemi/Documents/Kuliah/pblsem6/hydrogami-backend/Admin-HydroGami/vendor/laravel/framework/src/Illuminate/Database/Connection.php(816): Illuminate\\Database\\Connection->{closure:Illuminate\\Database\\Connection::statement():576}()
#2 /home/boemi/Documents/Kuliah/pblsem6/hydrogami-backend/Admin-HydroGami/vendor/laravel/framework/src/Illuminate/Database/Connection.php(783): Illuminate\\Database\\Connection->runQueryCallback()
#3 /home/boemi/Documents/Kuliah/pblsem6/hydrogami-backend/Admin-HydroGami/vendor/laravel/framework/src/Illuminate/Database/Connection.php(576): Illuminate\\Database\\Connection->run()
#4 /home/boemi/Documents/Kuliah/pblsem6/hydrogami-backend/Admin-HydroGami/vendor/laravel/framework/src/Illuminate/Database/Schema/Blueprint.php(110): Illuminate\\Database\\Connection->statement()
#5 /home/boemi/Documents/Kuliah/pblsem6/hydrogami-backend/Admin-HydroGami/vendor/laravel/framework/src/Illuminate/Database/Schema/Builder.php(602): Illuminate\\Database\\Schema\\Blueprint->build()
#6 /home/boemi/Documents/Kuliah/pblsem6/hydrogami-backend/Admin-HydroGami/vendor/laravel/framework/src/Illuminate/Database/Schema/Builder.php(456): Illuminate\\Database\\Schema\\Builder->build()
#7 /home/boemi/Documents/Kuliah/pblsem6/hydrogami-backend/Admin-HydroGami/vendor/laravel/framework/src/Illuminate/Support/Facades/Facade.php(355): Illuminate\\Database\\Schema\\Builder->create()
#8 /home/boemi/Documents/Kuliah/pblsem6/hydrogami-backend/Admin-HydroGami/database/migrations/2025_07_04_164838_create_rewards_table.php(11): Illuminate\\Support\\Facades\\Facade::__callStatic()
#9 /home/boemi/Documents/Kuliah/pblsem6/hydrogami-backend/Admin-HydroGami/vendor/laravel/framework/src/Illuminate/Database/Migrations/Migrator.php(501): Illuminate\\Database\\Migrations\\Migration@anonymous->up()
#10 /home/boemi/Documents/Kuliah/pblsem6/hydrogami-backend/Admin-HydroGami/vendor/laravel/framework/src/Illuminate/Database/Migrations/Migrator.php(418): Illuminate\\Database\\Migrations\\Migrator->runMethod()
#11 /home/boemi/Documents/Kuliah/pblsem6/hydrogami-backend/Admin-HydroGami/vendor/laravel/framework/src/Illuminate/Database/Migrations/Migrator.php(427): Illuminate\\Database\\Migrations\\Migrator->{closure:Illuminate\\Database\\Migrations\\Migrator::runMigration():414}()
#12 /home/boemi/Documents/Kuliah/pblsem6/hydrogami-backend/Admin-HydroGami/vendor/laravel/framework/src/Illuminate/Database/Migrations/Migrator.php(224): Illuminate\\Database\\Migrations\\Migrator->runMigration()
#13 /home/boemi/Documents/Kuliah/pblsem6/hydrogami-backend/Admin-HydroGami/vendor/laravel/framework/src/Illuminate/Console/View/Components/Task.php(37): Illuminate\\Database\\Migrations\\Migrator->{closure:Illuminate\\Database\\Migrations\\Migrator::runUp():224}()
#14 /home/boemi/Documents/Kuliah/pblsem6/hydrogami-backend/Admin-HydroGami/vendor/laravel/framework/src/Illuminate/Database/Migrations/Migrator.php(783): Illuminate\\Console\\View\\Components\\Task->render()
#15 /home/boemi/Documents/Kuliah/pblsem6/hydrogami-backend/Admin-HydroGami/vendor/laravel/framework/src/Illuminate/Database/Migrations/Migrator.php(224): Illuminate\\Database\\Migrations\\Migrator->write()
#16 /home/boemi/Documents/Kuliah/pblsem6/hydrogami-backend/Admin-HydroGami/vendor/laravel/framework/src/Illuminate/Database/Migrations/Migrator.php(189): Illuminate\\Database\\Migrations\\Migrator->runUp()
#17 /home/boemi/Documents/Kuliah/pblsem6/hydrogami-backend/Admin-HydroGami/vendor/laravel/framework/src/Illuminate/Database/Migrations/Migrator.php(132): Illuminate\\Database\\Migrations\\Migrator->runPending()
#18 /home/boemi/Documents/Kuliah/pblsem6/hydrogami-backend/Admin-HydroGami/vendor/laravel/framework/src/Illuminate/Database/Console/Migrations/MigrateCommand.php(90): Illuminate\\Database\\Migrations\\Migrator->run()
#19 /home/boemi/Documents/Kuliah/pblsem6/hydrogami-backend/Admin-HydroGami/vendor/laravel/framework/src/Illuminate/Database/Migrations/Migrator.php(641): Illuminate\\Database\\Console\\Migrations\\MigrateCommand->{closure:Illuminate\\Database\\Console\\Migrations\\MigrateCommand::handle():83}()
#20 /home/boemi/Documents/Kuliah/pblsem6/hydrogami-backend/Admin-HydroGami/vendor/laravel/framework/src/Illuminate/Database/Console/Migrations/MigrateCommand.php(83): Illuminate\\Database\\Migrations\\Migrator->usingConnection()
#21 /home/boemi/Documents/Kuliah/pblsem6/hydrogami-backend/Admin-HydroGami/vendor/laravel/framework/src/Illuminate/Container/BoundMethod.php(36): Illuminate\\Database\\Console\\Migrations\\MigrateCommand->handle()
#22 /home/boemi/Documents/Kuliah/pblsem6/hydrogami-backend/Admin-HydroGami/vendor/laravel/framework/src/Illuminate/Container/Util.php(41): Illuminate\\Container\\BoundMethod::{closure:Illuminate\\Container\\BoundMethod::call():35}()
#23 /home/boemi/Documents/Kuliah/pblsem6/hydrogami-backend/Admin-HydroGami/vendor/laravel/framework/src/Illuminate/Container/BoundMethod.php(93): Illuminate\\Container\\Util::unwrapIfClosure()
#24 /home/boemi/Documents/Kuliah/pblsem6/hydrogami-backend/Admin-HydroGami/vendor/laravel/framework/src/Illuminate/Container/BoundMethod.php(35): Illuminate\\Container\\BoundMethod::callBoundMethod()
#25 /home/boemi/Documents/Kuliah/pblsem6/hydrogami-backend/Admin-HydroGami/vendor/laravel/framework/src/Illuminate/Container/Container.php(662): Illuminate\\Container\\BoundMethod::call()
#26 /home/boemi/Documents/Kuliah/pblsem6/hydrogami-backend/Admin-HydroGami/vendor/laravel/framework/src/Illuminate/Console/Command.php(211): Illuminate\\Container\\Container->call()
#27 /home/boemi/Documents/Kuliah/pblsem6/hydrogami-backend/Admin-HydroGami/vendor/symfony/console/Command/Command.php(326): Illuminate\\Console\\Command->execute()
#28 /home/boemi/Documents/Kuliah/pblsem6/hydrogami-backend/Admin-HydroGami/vendor/laravel/framework/src/Illuminate/Console/Command.php(180): Symfony\\Component\\Console\\Command\\Command->run()
#29 /home/boemi/Documents/Kuliah/pblsem6/hydrogami-backend/Admin-HydroGami/vendor/symfony/console/Application.php(1121): Illuminate\\Console\\Command->run()
#30 /home/boemi/Documents/Kuliah/pblsem6/hydrogami-backend/Admin-HydroGami/vendor/symfony/console/Application.php(324): Symfony\\Component\\Console\\Application->doRunCommand()
#31 /home/boemi/Documents/Kuliah/pblsem6/hydrogami-backend/Admin-HydroGami/vendor/symfony/console/Application.php(175): Symfony\\Component\\Console\\Application->doRun()
#32 /home/boemi/Documents/Kuliah/pblsem6/hydrogami-backend/Admin-HydroGami/vendor/laravel/framework/src/Illuminate/Foundation/Console/Kernel.php(201): Symfony\\Component\\Console\\Application->run()
#33 /home/boemi/Documents/Kuliah/pblsem6/hydrogami-backend/Admin-HydroGami/artisan(35): Illuminate\\Foundation\\Console\\Kernel->handle()
#34 {main}
"} 
